<html>
<body>
<pre>
<h1>µVision Build Log</h1>
<h2>Tool Versions:</h2>
IDE-Version: ¦ÌVision V5.14.0.0
Copyright (C) 2015 ARM Ltd and ARM Germany GmbH. All rights reserved.
License Information: 1 Microsoft, Microsoft, LIC=KIVLQ-N1X3Y-HQE0I-TB0MJ-SY4SM-QMV9S
 
Tool Versions:
Toolchain:       MDK-ARM Professional  Version: 5.14.0.0
Toolchain Path:  C:\Keil_v5\ARM\ARMCC\Bin
C Compiler:      Armcc.exe V5.05 update 1 (build 106)
Assembler:       Armasm.exe V5.05 update 1 (build 106)
Linker/Locator:  ArmLink.exe V5.05 update 1 (build 106)
Library Manager: ArmAr.exe V5.05 update 1 (build 106)
Hex Converter:   FromElf.exe V5.05 update 1 (build 106)
CPU DLL:         SARM.DLL V5.14.0.0
Dialog DLL:      DARMP.DLL V1.51
Target DLL:      UL2ARM.DLL V1.74.5.0
Dialog DLL:      TARMP.DLL V1.51
 
<h2>Project:</h2>
C:\Users\Administrator\Desktop\Lab-4 (3)\Lab-4-4-Anagram\Lab-4-4-Anagram.uvproj
Project File Date:  11/21/2019

<h2>Output:</h2>
Rebuild target 'Simulation'
assembling Lab-4-4-Anagram.s...
Lab-4-4-Anagram.s(67): warning: A1581W: Added 3 bytes of padding at address 0xa9
linking...
Program Size: Code=180 RO-data=0 RW-data=0 ZI-data=0  
".\Objects\Lab-4-4-Anagram.axf" - 0 Error(s), 1 Warning(s).
</pre>
</body>
</html>
